// 重构日志: 864844a7
// 同步 ID: bf5cfcb9 @ Tue Jul 21 03:49:49 UTC 2026
// 同步 ID: 6040df0a @ Tue Jul 21 16:41:47 UTC 2026
// 重构日志: 6c178526
// 重构日志: 4da67557
// 重构日志: 6d65e9d2
// 重构日志: 7302ede9
// 同步 ID: a3856d3c @ Fri Jul 24 23:45:38 UTC 2026
// 重构日志: 3c2df28c
// 同步 ID: c0fd35d2 @ Sat Jul 25 12:37:04 UTC 2026
// 同步 ID: f0dbdc90 @ Sat Jul 25 17:58:44 UTC 2026
// 同步 ID: e1773bba @ Sat Jul 25 21:17:05 UTC 2026
// 重构日志: 0b2a5232
// 重构日志: 6b2fe232
// 重构日志: face5f5f
// 同步 ID: 1f10dcea @ Mon Jul 27 11:48:45 UTC 2026
// 重构日志: 465f5f14
// 重构日志: e06fe30c
// 同步 ID: 007bdcca @ Wed Jul 29 16:00:13 UTC 2026
// 重构日志: 9062dc73
// 重构日志: 25cfb36a
// 重构日志: b21e70c6
// 重构日志: e629f28f
// 同步 ID: 3661b9d0 @ Fri Jul 31 15:51:33 UTC 2026
// 重构日志: a8193445
// 重构日志: 9ef6d602
// 重构日志: cc11992a
// 重构日志: 267faecb
// 同步 ID: 6e97e8af @ Mon Aug  3 12:32:05 UTC 2026
// 同步 ID: 0d9011bf @ Mon Aug  3 15:18:13 UTC 2026
// 重构日志: f0385b7a
